// Jest Snapshot v1, https://goo.gl/fbAQLP

exports[`renders app without crashing 1`] = `
<div>
  <div>
    Hello
  </div>
</div>
`;
